2026-08-11 16:26:07,486 - INFO - ============================================================
2026-08-11 16:26:07,486 - INFO - SUPERSTORE AUTOMATION PIPELINE STARTED
2026-08-11 16:26:07,487 - INFO - ============================================================
2026-08-11 16:26:07,487 - INFO - Loading raw data...
2026-08-11 16:33:57,934 - INFO - ============================================================
2026-08-11 16:33:57,935 - INFO - SUPERSTORE AUTOMATION PIPELINE STARTED
2026-08-11 16:33:57,935 - INFO - ============================================================
2026-08-11 16:33:57,935 - INFO - Loading raw data...
2026-08-11 16:34:59,422 - INFO - ============================================================
2026-08-11 16:34:59,422 - INFO - SUPERSTORE AUTOMATION PIPELINE STARTED
2026-08-11 16:34:59,422 - INFO - ============================================================
2026-08-11 16:34:59,422 - INFO - Loading raw data...
2026-08-11 16:34:59,516 - INFO - Loaded 9994 rows and 21 columns.
2026-08-11 16:34:59,516 - INFO - Starting data cleaning...
2026-08-11 16:34:59,551 - INFO - Removed 0 duplicate rows.
2026-08-11 16:34:59,602 - INFO - Data cleaning completed.
2026-08-11 16:34:59,603 - INFO - Validating processed data...
2026-08-11 16:34:59,603 - INFO - Validation successful.
2026-08-11 16:34:59,603 - INFO - Calculating KPIs...
2026-08-11 16:34:59,641 - INFO - Saving processed CSV...
2026-08-11 16:34:59,727 - INFO - Processed data saved to D:\BUSINESS_DATA_AUTOMATION(t-5)\data\processed\superstore_clean.csv
2026-08-11 16:34:59,727 - INFO - Creating Excel report...
2026-08-11 16:35:04,062 - INFO - Excel report saved to D:\BUSINESS_DATA_AUTOMATION(t-5)\data\processed\superstore_analysis.xlsx
2026-08-11 16:35:04,062 - INFO - Pipeline completed successfully.
